   3634 HP-BIO-EBSS/ManagePayments_Final_Regression_QA
   1870 HP-BIO-EBSS/ebss
   1046 HP-BIO-EBSS/commercialbilling
    924 HP-BIO-EBSS/medicare
    895 HP-BIO-EBSS/cac_ui
    820 HP-BIO-EBSS/gusto_cpa
    263 HP-BIO-EBSS/COVID-21
    120 HP-BIO-EBSS/EBSS-Utilities
    118 HP-BIO-EBSS/CCPE
      7 HP-BIO-EBSS/POC
      4 HP-BIO-EBSS/devops_poc
      4 HP-BIO-EBSS/Smoke Test
      2 HP-BIO-EBSS/sstest
      1 HP-BIO-EBSS/samplekpif|samplekpif|class hudson.model.FreeStyleProject
      1 HP-BIO-EBSS/pl_test|pl_test|class org.jenkinsci.plugins.workflow.job.WorkflowJob
      1 HP-BIO-EBSS/cac_ui|cac_ui|class org.jenkinsci.plugins.workflow.multibranch.WorkflowMultiBranchProject
      1 HP-BIO-EBSS/VM_MRNAssignment_UI_WDIO|VM_MRNAssignment_UI_WDIO|class hudson.model.FreeStyleProject
      1 HP-BIO-EBSS/TransactionHistoryEnhancement|TransactionHistoryEnhancement|class hudson.model.FreeStyleProject
      1 HP-BIO-EBSS/SS|SS|class org.jenkinsci.plugins.workflow.job.WorkflowJob
      1 HP-BIO-EBSS/SSINDV_UI_AUTOMATION|SSINDV_UI_AUTOMATION|class org.jenkinsci.plugins.workflow.job.WorkflowJob
      1 HP-BIO-EBSS/PERF_PIPELINE|PERF_PIPELINE|class org.jenkinsci.plugins.workflow.job.WorkflowJob
      1 HP-BIO-EBSS/MMSS_UI_Automation_WDIO|MMSS_UI_Automation_WDIO|class hudson.model.FreeStyleProject
      1 HP-BIO-EBSS/KPMC_Regression_Final|KPMC_Regression_Final|class hudson.model.FreeStyleProject
      1 HP-BIO-EBSS/KPIF_UI_SMOKE_AUTOMATION|KPIF_UI_SMOKE_AUTOMATION|class hudson.model.FreeStyleProject
      1 HP-BIO-EBSS/KPIF_Smoke|KPIF_Smoke|class hudson.model.FreeStyleProject
      1 HP-BIO-EBSS/KPIF_Portal_Devops|KPIF_Portal_Devops|class hudson.model.FreeStyleProject
      1 HP-BIO-EBSS/KPIF_Portal_Dailyrun|KPIF_Portal_Dailyrun|class hudson.model.FreeStyleProject
      1 HP-BIO-EBSS/KPIF_ON_API_AUTOMATION|KPIF_ON_API_AUTOMATION|class hudson.model.FreeStyleProject
      1 HP-BIO-EBSS/KPIF_Binder_Devops|KPIF_Binder_Devops|class hudson.model.FreeStyleProject
      1 HP-BIO-EBSS/KPIF_Binder_Dailyrun|KPIF_Binder_Dailyrun|class hudson.model.FreeStyleProject
      1 HP-BIO-EBSS/KPIF_BROKER_API_AUTOMATION|KPIF_BROKER_API_AUTOMATION|class hudson.model.FreeStyleProject
      1 HP-BIO-EBSS/Jenkins_postman_GHBFF_Collections|Jenkins_postman_GHBFF_Collections|class hudson.model.FreeStyleProject
      1 HP-BIO-EBSS/EBS_CPA_API_QA|EBS_CPA_API_QA|class hudson.model.FreeStyleProject
      1 HP-BIO-EBSS/EBSS_UI_VIEWMEMBER_WDIO|EBSS_UI_VIEWMEMBER_WDIO|class hudson.model.FreeStyleProject
      1 HP-BIO-EBSS/EBSS_UI_USERAUTORIZATION_WDIO|EBSS_UI_USERAUTORIZATION_WDIO|class hudson.model.FreeStyleProject
      1 HP-BIO-EBSS/EBSS_UI_TransactionHistory_WDIO|EBSS_UI_TransactionHistory_WDIO|class hudson.model.FreeStyleProject
      1 HP-BIO-EBSS/EBSS_UI_SubgroupTransfer_WDIO|EBSS_UI_SubgroupTransfer_WDIO|class hudson.model.FreeStyleProject
      1 HP-BIO-EBSS/EBSS_UI_SaveAndRetrieve_WDIO|EBSS_UI_SaveAndRetrieve_WDIO|class hudson.model.FreeStyleProject
      1 HP-BIO-EBSS/EBSS_UI_RequestIdCard_WDIO|EBSS_UI_RequestIdCard_WDIO|class hudson.model.FreeStyleProject
      1 HP-BIO-EBSS/EBSS_UI_REINSTATE_TERMINATE_AUTOMATION_WDIO|EBSS_UI_REINSTATE_TERMINATE_AUTOMATION_WDIO|class hudson.model.FreeStyleProject
      1 HP-BIO-EBSS/EBSS_UI_REGRESSION_Smoke|EBSS_UI_REGRESSION_Smoke|class hudson.model.FreeStyleProject
      1 HP-BIO-EBSS/EBSS_UI_MassEnrollment_WDIO|EBSS_UI_MassEnrollment_WDIO|class hudson.model.FreeStyleProject
      1 HP-BIO-EBSS/EBSS_UI_MaintainMember_WDIO|EBSS_UI_MaintainMember_WDIO|class hudson.model.FreeStyleProject
      1 HP-BIO-EBSS/EBSS_UI_MAS_Reinstatement|EBSS_UI_MAS_Reinstatement|class hudson.model.FreeStyleProject
      1 HP-BIO-EBSS/EBSS_UI_InternalUserLanding_WDIO|EBSS_UI_InternalUserLanding_WDIO|class hudson.model.FreeStyleProject
      1 HP-BIO-EBSS/EBSS_UI_Help_WDIO|EBSS_UI_Help_WDIO|class hudson.model.FreeStyleProject
      1 HP-BIO-EBSS/EBSS_UI_GlobalHeader_Smoke|EBSS_UI_GlobalHeader_Smoke|class hudson.model.FreeStyleProject
      1 HP-BIO-EBSS/EBSS_UI_GlobalHeader_Regression|EBSS_UI_GlobalHeader_Regression|class hudson.model.FreeStyleProject
      1 HP-BIO-EBSS/EBSS_UI_GROUPLIST_WDIO|EBSS_UI_GROUPLIST_WDIO|class hudson.model.FreeStyleProject
      1 HP-BIO-EBSS/EBSS_UI_Feedback_WDIO|EBSS_UI_Feedback_WDIO|class hudson.model.FreeStyleProject
      1 HP-BIO-EBSS/EBSS_UI_FIND MEMBER_WDIO|EBSS_UI_FIND MEMBER_WDIO|class hudson.model.FreeStyleProject
      1 HP-BIO-EBSS/EBSS_UI_ENROLLMENT_WDIO|EBSS_UI_ENROLLMENT_WDIO|class hudson.model.FreeStyleProject
      1 HP-BIO-EBSS/EBSS_UI_AddFamilyMember_WDIO|EBSS_UI_AddFamilyMember_WDIO|class hudson.model.FreeStyleProject
      1 HP-BIO-EBSS/EBSS_UI_AUTOMATION_WDIO|EBSS_UI_AUTOMATION_WDIO|class hudson.model.FreeStyleProject
      1 HP-BIO-EBSS/EBSS_UI_AUTOMATION_SMOKE_WDIO|EBSS_UI_AUTOMATION_SMOKE_WDIO|class hudson.model.FreeStyleProject
      1 HP-BIO-EBSS/EBSS_UI_AUTOMATION_PREPROD_WDIO|EBSS_UI_AUTOMATION_PREPROD_WDIO|class hudson.model.FreeStyleProject
      1 HP-BIO-EBSS/EBSS_ManagePayments_ViewScheduledPayments_Part3|EBSS_ManagePayments_ViewScheduledPayments_Part3|class hudson.model.FreeStyleProject
      1 HP-BIO-EBSS/EBSS_ManagePayments_ViewScheduledPayments_Part2|EBSS_ManagePayments_ViewScheduledPayments_Part2|class hudson.model.FreeStyleProject
      1 HP-BIO-EBSS/EBSS_ManagePayments_ViewScheduledPaymentsPage_UI_Automation|EBSS_ManagePayments_ViewScheduledPaymentsPage_UI_Automation|class hudson.model.FreeStyleProject
      1 HP-BIO-EBSS/EBSS_ManagePayments_UI_Regression|EBSS_ManagePayments_UI_Regression|class hudson.model.FreeStyleProject
      1 HP-BIO-EBSS/EBSS_ManagePayments_MakeOrScheduleAPayment_UI_Automation|EBSS_ManagePayments_MakeOrScheduleAPayment_UI_Automation|class hudson.model.FreeStyleProject
      1 HP-BIO-EBSS/EBSS_ManagePayments_MakeOrScheduleAPayment_Part3|EBSS_ManagePayments_MakeOrScheduleAPayment_Part3|class hudson.model.FreeStyleProject
      1 HP-BIO-EBSS/EBSS_ManagePayments_MakeOrScheduleAPayment_Part2|EBSS_ManagePayments_MakeOrScheduleAPayment_Part2|class hudson.model.FreeStyleProject
      1 HP-BIO-EBSS/EBSS_ManagePayments_IR3_Sprint1and2_UI_Automation|EBSS_ManagePayments_IR3_Sprint1and2_UI_Automation|class hudson.model.FreeStyleProject
      1 HP-BIO-EBSS/EBSS_ManagePayments_IR3_Regression|EBSS_ManagePayments_IR3_Regression|class hudson.model.FreeStyleProject
      1 HP-BIO-EBSS/EBSS_ManagePayments_IR2_Regression_Part4|EBSS_ManagePayments_IR2_Regression_Part4|class hudson.model.FreeStyleProject
      1 HP-BIO-EBSS/EBSS_ManagePayments_IR2_Regression_Part3|EBSS_ManagePayments_IR2_Regression_Part3|class hudson.model.FreeStyleProject
      1 HP-BIO-EBSS/EBSS_ManagePayments_DROP5_WDIO_UI_Automation|EBSS_ManagePayments_DROP5_WDIO_UI_Automation|class hudson.model.FreeStyleProject
      1 HP-BIO-EBSS/EBSS_ManagePayments_DROP4_WDIO_UI_Automation|EBSS_ManagePayments_DROP4_WDIO_UI_Automation|class hudson.model.FreeStyleProject
      1 HP-BIO-EBSS/EBSS_ManagePayments_DROP4_UI_Automation|EBSS_ManagePayments_DROP4_UI_Automation|class hudson.model.FreeStyleProject
      1 HP-BIO-EBSS/EBSS_ManagePayments_DROP4_Regression|EBSS_ManagePayments_DROP4_Regression|class hudson.model.FreeStyleProject
      1 HP-BIO-EBSS/EBSS_ManagePayments_DROP3_WDIO_UI_Automation|EBSS_ManagePayments_DROP3_WDIO_UI_Automation|class hudson.model.FreeStyleProject
      1 HP-BIO-EBSS/EBSS_ManagePayments_DROP3_UI_Automation|EBSS_ManagePayments_DROP3_UI_Automation|class hudson.model.FreeStyleProject
      1 HP-BIO-EBSS/EBSS_ManagePayments_DROP2_WDIO_UI_Automation|EBSS_ManagePayments_DROP2_WDIO_UI_Automation|class hudson.model.FreeStyleProject
      1 HP-BIO-EBSS/EBSS_ManagePayments_DROP2_UI_Automation|EBSS_ManagePayments_DROP2_UI_Automation|class hudson.model.FreeStyleProject
      1 HP-BIO-EBSS/EBSS_ManagePayments_DROP1_WDIO_UI_Automation|EBSS_ManagePayments_DROP1_WDIO_UI_Automation|class hudson.model.FreeStyleProject
      1 HP-BIO-EBSS/EBSS_ManagePayments_DROP1_UI_Automation|EBSS_ManagePayments_DROP1_UI_Automation|class hudson.model.FreeStyleProject
      1 HP-BIO-EBSS/EBSS_ManageDocuments_WDIO|EBSS_ManageDocuments_WDIO|class hudson.model.FreeStyleProject
      1 HP-BIO-EBSS/EBSS_ManageDocuments_API|EBSS_ManageDocuments_API|class hudson.model.FreeStyleProject
      1 HP-BIO-EBSS/EBSS_MMSS_API_AUTOMATION|EBSS_MMSS_API_AUTOMATION|class hudson.model.FreeStyleProject
      1 HP-BIO-EBSS/EBSS_KPMC_API_AUTOMATION|EBSS_KPMC_API_AUTOMATION|class hudson.model.FreeStyleProject
      1 HP-BIO-EBSS/EBSS_KPIF_BROKER_WDIO_SMOKE|EBSS_KPIF_BROKER_WDIO_SMOKE|class hudson.model.FreeStyleProject
      1 HP-BIO-EBSS/EBSS_CPA_API_CICD_ssmbrrost|EBSS_CPA_API_CICD_ssmbrrost|class hudson.model.FreeStyleProject
      1 HP-BIO-EBSS/EBSS_CPA_API_CICD_ssmbrmtn|EBSS_CPA_API_CICD_ssmbrmtn|class hudson.model.FreeStyleProject
      1 HP-BIO-EBSS/EBSS_CPA_API_CICD_ssMemberInquiry|EBSS_CPA_API_CICD_ssMemberInquiry|class hudson.model.FreeStyleProject
      1 HP-BIO-EBSS/EBSS_CPA_API_CICD_ssEnrollment|EBSS_CPA_API_CICD_ssEnrollment|class hudson.model.FreeStyleProject
      1 HP-BIO-EBSS/EBSS_COVID_ALL|EBSS_COVID_ALL|class hudson.model.FreeStyleProject
      1 HP-BIO-EBSS/EBSS_API_PERF_Test_PILOT_Pipeline|EBSS_API_PERF_Test_PILOT_Pipeline|class org.jenkinsci.plugins.workflow.job.WorkflowJob
      1 HP-BIO-EBSS/EBSS_API_PERF_Test_PILOT_Pipeline_Test|EBSS_API_PERF_Test_PILOT_Pipeline_Test|class org.jenkinsci.plugins.workflow.job.WorkflowJob
      1 HP-BIO-EBSS/EBSS_API_AUTOMATION_VIEW_MEMBER|EBSS_API_AUTOMATION_VIEW_MEMBER|class hudson.model.FreeStyleProject
      1 HP-BIO-EBSS/EBSS_API_AUTOMATION_VIEW_ARBITRATION|EBSS_API_AUTOMATION_VIEW_ARBITRATION|class hudson.model.FreeStyleProject
      1 HP-BIO-EBSS/EBSS_API_AUTOMATION_UTILITY|EBSS_API_AUTOMATION_UTILITY|class hudson.model.FreeStyleProject
      1 HP-BIO-EBSS/EBSS_API_AUTOMATION_USRPROFILE|EBSS_API_AUTOMATION_USRPROFILE|class hudson.model.FreeStyleProject
      1 HP-BIO-EBSS/EBSS_API_AUTOMATION_USAGE_REPORT|EBSS_API_AUTOMATION_USAGE_REPORT|class hudson.model.FreeStyleProject
      1 HP-BIO-EBSS/EBSS_API_AUTOMATION_SAVEANDRETR|EBSS_API_AUTOMATION_SAVEANDRETR|class hudson.model.FreeStyleProject
      1 HP-BIO-EBSS/EBSS_API_AUTOMATION_MBRMRN_SEARCH|EBSS_API_AUTOMATION_MBRMRN_SEARCH|class hudson.model.FreeStyleProject
      1 HP-BIO-EBSS/EBSS_API_AUTOMATION_MASS_ENROLL|EBSS_API_AUTOMATION_MASS_ENROLL|class hudson.model.FreeStyleProject
      1 HP-BIO-EBSS/EBSS_API_AUTOMATION_MAINTAIN_MEMBER|EBSS_API_AUTOMATION_MAINTAIN_MEMBER|class hudson.model.FreeStyleProject
      1 HP-BIO-EBSS/EBSS_API_AUTOMATION_GROUP_INFORMATION|EBSS_API_AUTOMATION_GROUP_INFORMATION|class hudson.model.FreeStyleProject
      1 HP-BIO-EBSS/EBSS_API_AUTOMATION_ENROLLMENT|EBSS_API_AUTOMATION_ENROLLMENT|class hudson.model.FreeStyleProject
      1 HP-BIO-EBSS/EBSS_API_AUTOMATION_DOWNLOADMBR|EBSS_API_AUTOMATION_DOWNLOADMBR|class hudson.model.FreeStyleProject
      1 HP-BIO-EBSS/EBSS_API_AUTOMATION_CPA_SSGetUserGrpsData|EBSS_API_AUTOMATION_CPA_SSGetUserGrpsData|class hudson.model.FreeStyleProject
      1 HP-BIO-EBSS/EBSS_API_AUTOMATION_CPA_SSGROUP|EBSS_API_AUTOMATION_CPA_SSGROUP|class hudson.model.FreeStyleProject
      1 HP-BIO-EBSS/EBSS_API_AUTOMATION_BFF|EBSS_API_AUTOMATION_BFF|class hudson.model.FreeStyleProject
      1 HP-BIO-EBSS/CPA_UI_SMOKE_WDIO|CPA_UI_SMOKE_WDIO|class hudson.model.FreeStyleProject
      1 HP-BIO-EBSS/CPA_UI_REGRESSION_WDIO|CPA_UI_REGRESSION_WDIO|class hudson.model.FreeStyleProject
