  29239 HP-BIO-KPMC
   9813 HP-BIO-EBSS
   2348 KPInterchange
   2145 CS-IT
   1704 CTO-EA-SOI
    981 HP-SALES-MKTG-SYS-SMU
    743 HP-BIO
    713 HP-BIO-DMS
    584 KPD-DAIP
    378 CAS-Paas
    375 CNOE
    353 NCAP
    350 HP-BIO-CMS
    285 CTO-EIS
    279 CDTS
    259 HPTS-TAS
    180 KP-digital-chatbots
    180 BCP
    153 HP-SALES-MKTG-SYS
    153 ASG-RAS
    149 Data-Analytics
     92 HPDT
     87 DEVOPS
     85 Kporg-Platform-Engineering
     72 HP-BIO-DMP
     65 CTO-KPX
     61 CSIT-DA
     35 IaaS-SelfService
     28 HPAS-NONDMS-ARS-APPS
     22 CSG
     19 DnA
     17 AKS-SelfService
     14 KPD
     14 ADP
     12 AKS-Releases
     10 DCSS
      9 ITO-IPS-DMS
      9 DA-CIF
      7 kporg-site-transition
      7 ClarityInt
      7 CDTS-Telehealth
      6 KPIF-AMT
      5 HP-Marketing-Sales-Contact-Center
      5 Crowd
      4 docker-ocpbaseimages-opensourceimages-pipelines
      4 PZN
      4 Bluemix-training
      3 mdw_extract
      3 csg-devops
      2 kp.org_sandbox
      2 OCP-Releases
      2 KPIT
      2 DivisionOfResearch
      2 CCS-TI
      2 AIS
      1 casb_aznetskope
      1 abc|abc|class org.jenkinsci.plugins.workflow.multibranch.WorkflowMultiBranchProject
      1 PowerBIGatewayMonitoring|PowerBIGatewayMonitoring|class hudson.model.FreeStyleProject
      1 KPMARKETING
      1 IT Operations
      1 ICCA
      1 Citrx
      1 ADF-SOI
