   7393 HP-BIO-KPMC/KPIF-ON/il-fw-splunk-logclient/KPMCIntLayer
   1883 HP-BIO-KPMC/KPIF-ON/il-fw-splunk-logclient/KPMCDMS
    719 HP-BIO-KPMC/KPIF-ON/il-fw-splunk-logclient/KPMCCAM
    546 HP-BIO-KPMC/KPIF-ON/il-fw-splunk-logclient/KPMCGSU
    346 HP-BIO-KPMC/KPIF-ON/il-fw-splunk-logclient/KPMCUserAuth
    323 HP-BIO-KPMC/KPIF-ON/il-fw-splunk-logclient/SelfService
     89 HP-BIO-KPMC/KPIF-ON/il-fw-splunk-logclient/utilities
     63 HP-BIO-KPMC/KPIF-ON/il-fw-splunk-logclient/KPMCSS
      4 HP-BIO-KPMC/KPIF-ON/il-fw-splunk-logclient/kpmc_cert_utility
      1 HP-BIO-KPMC/KPIF-ON/il-fw-splunk-logclient/markTestUCDError - class org.jenkinsci.plugins.workflow.job.WorkflowJob
      1 HP-BIO-KPMC/KPIF-ON/il-fw-splunk-logclient/markTest - class org.jenkinsci.plugins.workflow.job.WorkflowJob
   4373 HP-BIO-KPMC/KPIF-ON/KPMCIntLayer/Development
   2408 HP-BIO-KPMC/KPIF-ON/KPMCIntLayer/DevOps_Release
     12 HP-BIO-KPMC/KPIF-ON/KPMCIntLayer/Velocity
   7397 HP-BIO-KPMC/KPIF-ON/il-fw-splunk-logclient/KPMCIntLayer
   1887 HP-BIO-KPMC/KPIF-ON/il-fw-splunk-logclient/KPMCDMS
    725 HP-BIO-KPMC/KPIF-ON/il-fw-splunk-logclient/KPMCCAM
    600 HP-BIO-KPMC/KPIF-ON/il-fw-splunk-logclient/KPMCGSU
    508 HP-BIO-KPMC/KPIF-ON/il-fw-splunk-logclient/SelfService
    346 HP-BIO-KPMC/KPIF-ON/il-fw-splunk-logclient/KPMCUserAuth
     89 HP-BIO-KPMC/KPIF-ON/il-fw-splunk-logclient/utilities
     63 HP-BIO-KPMC/KPIF-ON/il-fw-splunk-logclient/KPMCSS
      4 HP-BIO-KPMC/KPIF-ON/il-fw-splunk-logclient/kpmc_cert_utility
      1 HP-BIO-KPMC/KPIF-ON/il-fw-splunk-logclient/markTest|markTest|class org.jenkinsci.plugins.workflow.job.WorkflowJob
      1 HP-BIO-KPMC/KPIF-ON/il-fw-splunk-logclient/markTestUCDError|markTestUCDError|class org.jenkinsci.plugins.workflow.job.WorkflowJob
   4872 HP-BIO-KPMC/KPIF-ON/KPMCIntLayer/Development
   2457 HP-BIO-KPMC/KPIF-ON/KPMCIntLayer/DevOps_Release
     36 HP-BIO-KPMC/KPIF-ON/KPMCIntLayer/Velocity
