ADP-ELM-KPEG = ELM-KPEG
Automated-Project-Provisioning = Automated Project Provisioning
Automation Project Provisioning and Manual Onboarding Process = Automation Project Provisioning & After Provisioning Jobs
automation = Automation
sekg = sekhar
chandrapipelines = ChandraPipelines
casb_aznetskope_prod = casb_aznetskope
chandrapipelines = ChandraPipelines
IICS-API = iics_api
Auxiliary = Aux-Jobs
test_trigger = test trigger
old = Old
KG-Package = KG Package
CSG = Cloud Services Group
csg-terraform-pipelines = DO NOT ARCHIVE csg-terraform-pipelines
DSP-SharedTenant = DSP Shared Tenant
DSP-Dashboard = DSP Dashboard
ClientApp = Client App
DSP-API = DSP API
FHIR-Applications = ADF-FHIR-Application-Pipelines
Message_Classification = Message Classification
QnA_Self_Service_Tool = QnA_Self_Service-Tool
Starburst-Trino = Starburst-Trino-Jobs
snorkel = Snorkel
KPD-Airflow = KPD Airflow Deployments
Shared-Flows = Apigee Shared Flows
Master and Reference Pipelines = Master and Reference
ghe-jobs = Jobs for Github Enterprise
apps-prod = Applications PROD
apps = Applications
datamodel-prod = Datamodel PROD
datamodel = Datamodel
JBOSS - PROD Deployment Jobs = JBoss - PROD Deployment Jobs
Security_Scan = Security Scan
AZ-Migration = Azure Migration
devops_release = DevOps Release
commercialbilling = Commercial Billing SS
Devops_Release = DevOps Release
devops_poc = Brian POC
shared_lib_testing = Shared library testing
Testing_Job = Testing JOb
ebss = EBSS
development = Development
devops_release = DevOps Release
gusto_cpa = Gusto / CPA
devops_release = DevOps Release
medicare = Medicare
development = Develop
devops_release = Devops Release
il-fw-splunk-logclient = KPIF-ON obsolete
kpmc_cert_utility = azure-secrets-management
smoke_test = Smoke_test
kpmc_cert_utility = azure-secrets-management
smoke_test = Smoke_test
KPIF_DEV_Regression = KPIFOFF_DEV_Regression
Development = Development/
obsolated = Obsolated
Development = development
AA DevOps Folder = AA DevOps POC
CASA_ABVT = CASA
KPMC-DWR = KPMC DWR automation
HPTS_CFMP_Squad = CFMP_Sanity_tests
HPTS_TIM = TIM
HTPS-MEC = MEC
METRS_SLA = METRS_Regresssion
TIM SNAM = SNAM
HP-BIO-National Electronic Imaging and Workflow System = HP-BIO-NEIWS
SYNAPSE = SYNAPSE_DATABASES
Test_Pipelines = TEST_PIPELINES
nextgen = staging
staging = rhelupgrade
nextgen = rhel8
Ansible-Framework-deployment = Framework
Email_class_alert_test_job = Framework
KPD-Framework-Build-Deployment = KPD Airflow Deployments
Dotnet = Dotnet Chatbots
nodejs = NodeJS Chatbots
ClickToChat = Click To Chat
Unused = Unused Jobs
rcare_poc = Receive Care PoC
smu-public = Smu-public
KPMC = KPMCGSU
Deploy_Jobs = Deploy Jobs
cms-automation = CMS Self-Service
IHS_Patching = IHS Patching
KP_Locator = KP Locator
Vanity-Self-Service = Vanity Self Service
WAS_Patching = WAS Patching
Azure Deployer = Azure Services Deployer
Liquidbase DBX = ASDLiquidbase
