  33327 CTO
   4412 kpcc_devops
   2408 Risant
   1284 HP-BIO-NPS
    482 RMT
    368 BCE
    351 HP-BIO-MDE
    318 TRO-IAM
    315 KPD
    280 KPRounding
    253 IPS
    206 OCP_CE
    195 Center of Excellence
    195 ASG
    177 KPCC
    175 iPaaS
    171 ASG-InfraMgmt
    139 Quality Claims Audit Portal
    107 ITOps-WT
     91 Devops
     66 SDS
     64 Quality Membership audit Portal
     45 MCoE
     39 TPMG
     38 HP-BIO
     32 CPMWebBatch
     31 KPMETRS
     30 TRO
     28 IMG
     20 UAM_Engineering
     19 HP-BIO-CPS
     18 CS-BIO
     17 TPMG-TTG
     16 KPEG
     15 HPPDM-OCP
     14 PAPM_ENGINEERING
     14 EMWS
     11 EPP
     10 KPD-RPDM
      9 PDAP
      8 PRKPI
      8 CSIT
      8 CMWS
      7 MY_HR_ADMIN
      6 RAPS
      6 KPCTE
      6 HPPDM
      6 APC
      5 eps-liberty
      5 Tim-Systems
      5 IAM-LOCK-Engineering
      5 HP-BIO-SPAS
      5 APP_1593_ITO_hwas
      4 STS
      4 OneLink
      4 MFS
      4 MASPMOS
      4 KPIF-SelfService
      4 EMPLTERM
      4 AppealsPlus
      3 elastic-agent
      3 TRO-CyberResiliency
      3 KPBC
      3 CASA
      2 ScalRE
      2 NCAP-Az
      2 KPMobile
      2 ICCA
      2 EIS
      2 EBSITOps-EPS
      2 CDTS
      2 CARS
      2 AKS-SelfService
      1 PowerBIGatewayMonitoring|PowerBIGatewayMonitoring|class hudson.model.FreeStyleProject
      1 MPS-PIE
      1 KPMC_Hyperdrive_Automation
      1 IT-Bio
      1 IBM-SSO
      1 HP-BIO-NRT
      1 CWMT
      1 CTS
      1 CCSTI
      1 AppSec
